<html>
<body>
<pre>
<h1>µVision Build Log</h1>
<h2>Project:</h2>
C:\Documents and Settings\Administrator\×ÀÃæ\spi\spi.uvproj
Project File Date:  06/29/2013

<h2>Output:</h2>
Clean started: Project: 'spi'
   deleting intermediate output files for target 'Target 1'
Build target 'Target 1'
assembling startup_LPC17xx.s...
compiling core_cm3.c...
compiling main.c...
compiling system_LPC17xx.c...
compiling lpc17xx_spi.c...
compiling lpc17xx_ssp.c...
compiling lpc17xx_clkpwr.c...
compiling lpc17xx_libcfg_default.c...
compiling lpc17xx_uart.c...
compiling Retarget.c...
compiling Serial.c...
compiling lpc17xx_pinsel.c...
compiling hardware.c...
linking...
Program Size: Code=5558 RO-data=566 RW-data=12 ZI-data=612  
"spi.axf" - 0 Error(s), 0 Warning(s).
